// 重构日志: b0246d12
// 重构日志: 7255664a
// 重构日志: d2de0860
// 同步 ID: 40d80047 @ Sun Jul 26 10:02:43 UTC 2026
// 重构日志: 7e453ecf
// 同步 ID: c5ccb863 @ Sun Jul 26 17:51:27 UTC 2026
// 重构日志: 8e684330
// 同步 ID: 8332e597 @ Mon Jul 27 13:32:26 UTC 2026
// 同步 ID: b04682f5 @ Tue Jul 28 10:56:03 UTC 2026
// 重构日志: e4c8315a
// 同步 ID: dd3e42ab @ Wed Jul 29 08:57:09 UTC 2026
// 重构日志: 50351470
// 重构日志: 83878e94
// 重构日志: b184f458
// 同步 ID: 6ecf5849 @ Thu Jul 30 07:56:07 UTC 2026
// 重构日志: ba5efa94
// 同步 ID: 57098083 @ Thu Jul 30 23:44:51 UTC 2026
// 同步 ID: b82ab921 @ Fri Jul 31 12:58:04 UTC 2026
// 同步 ID: 08901977 @ Sun Aug  2 01:30:56 UTC 2026
// 同步 ID: f61ffd23 @ Sun Aug  2 05:02:36 UTC 2026
// 重构日志: d544a369
// 重构日志: 0f63e390
// 重构日志: 05abb39f
// 重构日志: b71033c8
// 重构日志: 66521661
// 重构日志: 6181021e
// 重构日志: 79c9598a
// 重构日志: 16ca861b
// 同步 ID: 27cd0bd5 @ Fri Aug  7 03:40:23 UTC 2026
// 同步 ID: 90d864a7 @ Fri Aug  7 11:08:06 UTC 2026
// 重构日志: 0ab24c3e
// 重构日志: aba06373
